PS C:\Users\yoshida\OneDrive\デスクトップ> cd git_challenge
PS C:\Users\yoshida\OneDrive\デスクトップ\git_challenge> git init
Initialized empty Git repository in C:/Users/yoshida/OneDrive/デスクトップ/git_challenge/.git/
PS C:\Users\yoshida\OneDrive\デスクトップ\git_challenge> git add hello_world.txt
PS C:\Users\yoshida\OneDrive\デスクトップ\git_challenge> git commit -m "1回目のコミット"
[main (root-commit) 3cc90fd] 1回目のコミット
 1 file changed, 1 insertion(+)
 create mode 100644 hello_world.txt
PS C:\Users\yoshida\OneDrive\デスクトップ\git_challenge> git add hello_world.txt
PS C:\Users\yoshida\OneDrive\デスクトップ\git_challenge> git commit -m "2回目のコミット"
[main fc54685] 2回目のコミット
 1 file changed, 2 insertions(+), 1 deletion(-)
PS C:\Users\yoshida\OneDrive\デスクトップ\git_challenge> git status
On branch main
nothing to commit, working tree clean
PS C:\Users\yoshida\OneDrive\デスクトップ\git_challenge> git log --oneline
fc54685 (HEAD -> main) 2回目のコミット
3cc90fd 1回目のコミット
PS C:\Users\yoshida\OneDrive\デスクトップ\git_challenge>